Startpoint: _76477_ (rising edge-triggered flip-flop clocked by clk)
Endpoint: _78272_ (rising edge-triggered flip-flop clocked by clk)
Path Group: clk
Path Type: max

Fanout      Cap     Slew    Delay     Time   Description
---------------------------------------------------------------------------------
                   0.100    0.000    0.000   clock clk (rise edge)
                            0.000    0.000   clock network delay (ideal)
                   0.100    0.000    0.000 ^ _76477_/CLK (sky130_fd_sc_hd__dfrtp_1)
    18    0.039    0.342    0.556    0.556 ^ _76477_/Q (sky130_fd_sc_hd__dfrtp_1)
                                             router_column[1].router_row[1].router.north_input_buffer.rd_ptr[0] (net)
                   0.342    0.000    0.556 ^ _54507_/B_N (sky130_fd_sc_hd__nor2b_1)
    62    0.140    2.496    1.934    2.490 ^ _54507_/Y (sky130_fd_sc_hd__nor2b_1)
                                             _20605_ (net)
                   2.496    0.000    2.490 ^ _54523_/B1 (sky130_fd_sc_hd__a222oi_1)
     2    0.003    0.432    0.260    2.750 v _54523_/Y (sky130_fd_sc_hd__a222oi_1)
                                             _20621_ (net)
                   0.432    0.000    2.750 v _55941_/D_N (sky130_fd_sc_hd__nor4b_1)
     3    0.007    0.101    0.312    3.062 v _55941_/Y (sky130_fd_sc_hd__nor4b_1)
                                             _21970_ (net)
                   0.101    0.000    3.062 v _55942_/B (sky130_fd_sc_hd__nand2_1)
     5    0.012    0.128    0.145    3.208 ^ _55942_/Y (sky130_fd_sc_hd__nand2_1)
                                             _21971_ (net)
                   0.128    0.000    3.208 ^ _55958_/B (sky130_fd_sc_hd__nand2_1)
     1    0.002    0.051    0.064    3.271 v _55958_/Y (sky130_fd_sc_hd__nand2_1)
                                             _21987_ (net)
                   0.051    0.000    3.271 v _55962_/A3 (sky130_fd_sc_hd__a311oi_1)
     3    0.008    0.349    0.362    3.633 ^ _55962_/Y (sky130_fd_sc_hd__a311oi_1)
                                             _21991_ (net)
                   0.349    0.000    3.633 ^ _55964_/D (sky130_fd_sc_hd__nor4_1)
     2    0.004    0.086    0.098    3.731 v _55964_/Y (sky130_fd_sc_hd__nor4_1)
                                             _21993_ (net)
                   0.086    0.000    3.731 v _55975_/B (sky130_fd_sc_hd__nor4bb_1)
     2    0.005    0.294    0.318    4.048 ^ _55975_/Y (sky130_fd_sc_hd__nor4bb_1)
                                             _22004_ (net)
                   0.294    0.000    4.048 ^ _55981_/A (sky130_fd_sc_hd__nand3_1)
     7    0.013    0.174    0.206    4.255 v _55981_/Y (sky130_fd_sc_hd__nand3_1)
                                             _22010_ (net)
                   0.174    0.000    4.255 v _55997_/A2 (sky130_fd_sc_hd__o2111ai_1)
     3    0.008    0.254    0.290    4.545 ^ _55997_/Y (sky130_fd_sc_hd__o2111ai_1)
                                             _22026_ (net)
                   0.254    0.000    4.545 ^ _55999_/B (sky130_fd_sc_hd__nor3_1)
     6    0.013    0.104    0.141    4.686 v _55999_/Y (sky130_fd_sc_hd__nor3_1)
                                             _22028_ (net)
                   0.104    0.000    4.686 v _56014_/A2 (sky130_fd_sc_hd__a2111oi_0)
     3    0.007    0.612    0.608    5.294 ^ _56014_/Y (sky130_fd_sc_hd__a2111oi_0)
                                             _22043_ (net)
                   0.612    0.000    5.294 ^ _56023_/D (sky130_fd_sc_hd__nand4_1)
     1    0.002    0.120    0.152    5.446 v _56023_/Y (sky130_fd_sc_hd__nand4_1)
                                             _22051_ (net)
                   0.120    0.000    5.446 v _56024_/A3 (sky130_fd_sc_hd__a31oi_1)
    82    0.206    4.469    3.123    8.569 ^ _56024_/Y (sky130_fd_sc_hd__a31oi_1)
                                             _22052_ (net)
                   4.469    0.000    8.569 ^ _57178_/A (sky130_fd_sc_hd__nor2_1)
    28    0.061    1.159    1.333    9.902 v _57178_/Y (sky130_fd_sc_hd__nor2_1)
                                             _23002_ (net)
                   1.159    0.000    9.902 v _66316_/D_N (sky130_fd_sc_hd__nor4b_1)
     2    0.004    0.442    0.492   10.394 v _66316_/Y (sky130_fd_sc_hd__nor4b_1)
                                             _30674_ (net)
                   0.442    0.000   10.394 v _66408_/B1 (sky130_fd_sc_hd__a21oi_1)
    12    0.031    0.650    0.664   11.058 ^ _66408_/Y (sky130_fd_sc_hd__a21oi_1)
                                             _30733_ (net)
                   0.650    0.000   11.058 ^ _66409_/B (sky130_fd_sc_hd__nand2_1)
     3    0.007    0.136    0.167   11.225 v _66409_/Y (sky130_fd_sc_hd__nand2_1)
                                             _30734_ (net)
                   0.136    0.000   11.225 v _66415_/A (sky130_fd_sc_hd__nor3b_1)
    64    0.218    6.239    4.769   15.994 ^ _66415_/Y (sky130_fd_sc_hd__nor3b_1)
                                             _00118_ (net)
                   6.239    0.000   15.994 ^ _78272_/DE (sky130_fd_sc_hd__edfxtp_1)
                                    15.994   data arrival time

                   0.100   10.000   10.000   clock clk (rise edge)
                            0.000   10.000   clock network delay (ideal)
                           -0.200    9.800   clock uncertainty
                            0.000    9.800   clock reconvergence pessimism
                                     9.800 ^ _78272_/CLK (sky130_fd_sc_hd__edfxtp_1)
                           -0.552    9.248   library setup time
                                     9.248   data required time
---------------------------------------------------------------------------------
                                     9.248   data required time
                                   -15.994   data arrival time
---------------------------------------------------------------------------------
                                    -6.746   slack (VIOLATED)


Startpoint: _76477_ (rising edge-triggered flip-flop clocked by clk)
Endpoint: _78273_ (rising edge-triggered flip-flop clocked by clk)
Path Group: clk
Path Type: max

Fanout      Cap     Slew    Delay     Time   Description
---------------------------------------------------------------------------------
                   0.100    0.000    0.000   clock clk (rise edge)
                            0.000    0.000   clock network delay (ideal)
                   0.100    0.000    0.000 ^ _76477_/CLK (sky130_fd_sc_hd__dfrtp_1)
    18    0.039    0.342    0.556    0.556 ^ _76477_/Q (sky130_fd_sc_hd__dfrtp_1)
                                             router_column[1].router_row[1].router.north_input_buffer.rd_ptr[0] (net)
                   0.342    0.000    0.556 ^ _54507_/B_N (sky130_fd_sc_hd__nor2b_1)
    62    0.140    2.496    1.934    2.490 ^ _54507_/Y (sky130_fd_sc_hd__nor2b_1)
                                             _20605_ (net)
                   2.496    0.000    2.490 ^ _54523_/B1 (sky130_fd_sc_hd__a222oi_1)
     2    0.003    0.432    0.260    2.750 v _54523_/Y (sky130_fd_sc_hd__a222oi_1)
                                             _20621_ (net)
                   0.432    0.000    2.750 v _55941_/D_N (sky130_fd_sc_hd__nor4b_1)
     3    0.007    0.101    0.312    3.062 v _55941_/Y (sky130_fd_sc_hd__nor4b_1)
                                             _21970_ (net)
                   0.101    0.000    3.062 v _55942_/B (sky130_fd_sc_hd__nand2_1)
     5    0.012    0.128    0.145    3.208 ^ _55942_/Y (sky130_fd_sc_hd__nand2_1)
                                             _21971_ (net)
                   0.128    0.000    3.208 ^ _55958_/B (sky130_fd_sc_hd__nand2_1)
     1    0.002    0.051    0.064    3.271 v _55958_/Y (sky130_fd_sc_hd__nand2_1)
                                             _21987_ (net)
                   0.051    0.000    3.271 v _55962_/A3 (sky130_fd_sc_hd__a311oi_1)
     3    0.008    0.349    0.362    3.633 ^ _55962_/Y (sky130_fd_sc_hd__a311oi_1)
                                             _21991_ (net)
                   0.349    0.000    3.633 ^ _55964_/D (sky130_fd_sc_hd__nor4_1)
     2    0.004    0.086    0.098    3.731 v _55964_/Y (sky130_fd_sc_hd__nor4_1)
                                             _21993_ (net)
                   0.086    0.000    3.731 v _55975_/B (sky130_fd_sc_hd__nor4bb_1)
     2    0.005    0.294    0.318    4.048 ^ _55975_/Y (sky130_fd_sc_hd__nor4bb_1)
                                             _22004_ (net)
                   0.294    0.000    4.048 ^ _55981_/A (sky130_fd_sc_hd__nand3_1)
     7    0.013    0.174    0.206    4.255 v _55981_/Y (sky130_fd_sc_hd__nand3_1)
                                             _22010_ (net)
                   0.174    0.000    4.255 v _55997_/A2 (sky130_fd_sc_hd__o2111ai_1)
     3    0.008    0.254    0.290    4.545 ^ _55997_/Y (sky130_fd_sc_hd__o2111ai_1)
                                             _22026_ (net)
                   0.254    0.000    4.545 ^ _55999_/B (sky130_fd_sc_hd__nor3_1)
     6    0.013    0.104    0.141    4.686 v _55999_/Y (sky130_fd_sc_hd__nor3_1)
                                             _22028_ (net)
                   0.104    0.000    4.686 v _56014_/A2 (sky130_fd_sc_hd__a2111oi_0)
     3    0.007    0.612    0.608    5.294 ^ _56014_/Y (sky130_fd_sc_hd__a2111oi_0)
                                             _22043_ (net)
                   0.612    0.000    5.294 ^ _56023_/D (sky130_fd_sc_hd__nand4_1)
     1    0.002    0.120    0.152    5.446 v _56023_/Y (sky130_fd_sc_hd__nand4_1)
                                             _22051_ (net)
                   0.120    0.000    5.446 v _56024_/A3 (sky130_fd_sc_hd__a31oi_1)
    82    0.206    4.469    3.123    8.569 ^ _56024_/Y (sky130_fd_sc_hd__a31oi_1)
                                             _22052_ (net)
                   4.469    0.000    8.569 ^ _57178_/A (sky130_fd_sc_hd__nor2_1)
    28    0.061    1.159    1.333    9.902 v _57178_/Y (sky130_fd_sc_hd__nor2_1)
                                             _23002_ (net)
                   1.159    0.000    9.902 v _66316_/D_N (sky130_fd_sc_hd__nor4b_1)
     2    0.004    0.442    0.492   10.394 v _66316_/Y (sky130_fd_sc_hd__nor4b_1)
                                             _30674_ (net)
                   0.442    0.000   10.394 v _66408_/B1 (sky130_fd_sc_hd__a21oi_1)
    12    0.031    0.650    0.664   11.058 ^ _66408_/Y (sky130_fd_sc_hd__a21oi_1)
                                             _30733_ (net)
                   0.650    0.000   11.058 ^ _66409_/B (sky130_fd_sc_hd__nand2_1)
     3    0.007    0.136    0.167   11.225 v _66409_/Y (sky130_fd_sc_hd__nand2_1)
                                             _30734_ (net)
                   0.136    0.000   11.225 v _66415_/A (sky130_fd_sc_hd__nor3b_1)
    64    0.218    6.239    4.769   15.994 ^ _66415_/Y (sky130_fd_sc_hd__nor3b_1)
                                             _00118_ (net)
                   6.239    0.000   15.994 ^ _78273_/DE (sky130_fd_sc_hd__edfxtp_1)
                                    15.994   data arrival time

                   0.100   10.000   10.000   clock clk (rise edge)
                            0.000   10.000   clock network delay (ideal)
                           -0.200    9.800   clock uncertainty
                            0.000    9.800   clock reconvergence pessimism
                                     9.800 ^ _78273_/CLK (sky130_fd_sc_hd__edfxtp_1)
                           -0.552    9.248   library setup time
                                     9.248   data required time
---------------------------------------------------------------------------------
                                     9.248   data required time
                                   -15.994   data arrival time
---------------------------------------------------------------------------------
                                    -6.746   slack (VIOLATED)


Startpoint: _76477_ (rising edge-triggered flip-flop clocked by clk)
Endpoint: _78274_ (rising edge-triggered flip-flop clocked by clk)
Path Group: clk
Path Type: max

Fanout      Cap     Slew    Delay     Time   Description
---------------------------------------------------------------------------------
                   0.100    0.000    0.000   clock clk (rise edge)
                            0.000    0.000   clock network delay (ideal)
                   0.100    0.000    0.000 ^ _76477_/CLK (sky130_fd_sc_hd__dfrtp_1)
    18    0.039    0.342    0.556    0.556 ^ _76477_/Q (sky130_fd_sc_hd__dfrtp_1)
                                             router_column[1].router_row[1].router.north_input_buffer.rd_ptr[0] (net)
                   0.342    0.000    0.556 ^ _54507_/B_N (sky130_fd_sc_hd__nor2b_1)
    62    0.140    2.496    1.934    2.490 ^ _54507_/Y (sky130_fd_sc_hd__nor2b_1)
                                             _20605_ (net)
                   2.496    0.000    2.490 ^ _54523_/B1 (sky130_fd_sc_hd__a222oi_1)
     2    0.003    0.432    0.260    2.750 v _54523_/Y (sky130_fd_sc_hd__a222oi_1)
                                             _20621_ (net)
                   0.432    0.000    2.750 v _55941_/D_N (sky130_fd_sc_hd__nor4b_1)
     3    0.007    0.101    0.312    3.062 v _55941_/Y (sky130_fd_sc_hd__nor4b_1)
                                             _21970_ (net)
                   0.101    0.000    3.062 v _55942_/B (sky130_fd_sc_hd__nand2_1)
     5    0.012    0.128    0.145    3.208 ^ _55942_/Y (sky130_fd_sc_hd__nand2_1)
                                             _21971_ (net)
                   0.128    0.000    3.208 ^ _55958_/B (sky130_fd_sc_hd__nand2_1)
     1    0.002    0.051    0.064    3.271 v _55958_/Y (sky130_fd_sc_hd__nand2_1)
                                             _21987_ (net)
                   0.051    0.000    3.271 v _55962_/A3 (sky130_fd_sc_hd__a311oi_1)
     3    0.008    0.349    0.362    3.633 ^ _55962_/Y (sky130_fd_sc_hd__a311oi_1)
                                             _21991_ (net)
                   0.349    0.000    3.633 ^ _55964_/D (sky130_fd_sc_hd__nor4_1)
     2    0.004    0.086    0.098    3.731 v _55964_/Y (sky130_fd_sc_hd__nor4_1)
                                             _21993_ (net)
                   0.086    0.000    3.731 v _55975_/B (sky130_fd_sc_hd__nor4bb_1)
     2    0.005    0.294    0.318    4.048 ^ _55975_/Y (sky130_fd_sc_hd__nor4bb_1)
                                             _22004_ (net)
                   0.294    0.000    4.048 ^ _55981_/A (sky130_fd_sc_hd__nand3_1)
     7    0.013    0.174    0.206    4.255 v _55981_/Y (sky130_fd_sc_hd__nand3_1)
                                             _22010_ (net)
                   0.174    0.000    4.255 v _55997_/A2 (sky130_fd_sc_hd__o2111ai_1)
     3    0.008    0.254    0.290    4.545 ^ _55997_/Y (sky130_fd_sc_hd__o2111ai_1)
                                             _22026_ (net)
                   0.254    0.000    4.545 ^ _55999_/B (sky130_fd_sc_hd__nor3_1)
     6    0.013    0.104    0.141    4.686 v _55999_/Y (sky130_fd_sc_hd__nor3_1)
                                             _22028_ (net)
                   0.104    0.000    4.686 v _56014_/A2 (sky130_fd_sc_hd__a2111oi_0)
     3    0.007    0.612    0.608    5.294 ^ _56014_/Y (sky130_fd_sc_hd__a2111oi_0)
                                             _22043_ (net)
                   0.612    0.000    5.294 ^ _56023_/D (sky130_fd_sc_hd__nand4_1)
     1    0.002    0.120    0.152    5.446 v _56023_/Y (sky130_fd_sc_hd__nand4_1)
                                             _22051_ (net)
                   0.120    0.000    5.446 v _56024_/A3 (sky130_fd_sc_hd__a31oi_1)
    82    0.206    4.469    3.123    8.569 ^ _56024_/Y (sky130_fd_sc_hd__a31oi_1)
                                             _22052_ (net)
                   4.469    0.000    8.569 ^ _57178_/A (sky130_fd_sc_hd__nor2_1)
    28    0.061    1.159    1.333    9.902 v _57178_/Y (sky130_fd_sc_hd__nor2_1)
                                             _23002_ (net)
                   1.159    0.000    9.902 v _66316_/D_N (sky130_fd_sc_hd__nor4b_1)
     2    0.004    0.442    0.492   10.394 v _66316_/Y (sky130_fd_sc_hd__nor4b_1)
                                             _30674_ (net)
                   0.442    0.000   10.394 v _66408_/B1 (sky130_fd_sc_hd__a21oi_1)
    12    0.031    0.650    0.664   11.058 ^ _66408_/Y (sky130_fd_sc_hd__a21oi_1)
                                             _30733_ (net)
                   0.650    0.000   11.058 ^ _66409_/B (sky130_fd_sc_hd__nand2_1)
     3    0.007    0.136    0.167   11.225 v _66409_/Y (sky130_fd_sc_hd__nand2_1)
                                             _30734_ (net)
                   0.136    0.000   11.225 v _66415_/A (sky130_fd_sc_hd__nor3b_1)
    64    0.218    6.239    4.769   15.994 ^ _66415_/Y (sky130_fd_sc_hd__nor3b_1)
                                             _00118_ (net)
                   6.239    0.000   15.994 ^ _78274_/DE (sky130_fd_sc_hd__edfxtp_1)
                                    15.994   data arrival time

                   0.100   10.000   10.000   clock clk (rise edge)
                            0.000   10.000   clock network delay (ideal)
                           -0.200    9.800   clock uncertainty
                            0.000    9.800   clock reconvergence pessimism
                                     9.800 ^ _78274_/CLK (sky130_fd_sc_hd__edfxtp_1)
                           -0.552    9.248   library setup time
                                     9.248   data required time
---------------------------------------------------------------------------------
                                     9.248   data required time
                                   -15.994   data arrival time
---------------------------------------------------------------------------------
                                    -6.746   slack (VIOLATED)


Startpoint: _76477_ (rising edge-triggered flip-flop clocked by clk)
Endpoint: _78275_ (rising edge-triggered flip-flop clocked by clk)
Path Group: clk
Path Type: max

Fanout      Cap     Slew    Delay     Time   Description
---------------------------------------------------------------------------------
                   0.100    0.000    0.000   clock clk (rise edge)
                            0.000    0.000   clock network delay (ideal)
                   0.100    0.000    0.000 ^ _76477_/CLK (sky130_fd_sc_hd__dfrtp_1)
    18    0.039    0.342    0.556    0.556 ^ _76477_/Q (sky130_fd_sc_hd__dfrtp_1)
                                             router_column[1].router_row[1].router.north_input_buffer.rd_ptr[0] (net)
                   0.342    0.000    0.556 ^ _54507_/B_N (sky130_fd_sc_hd__nor2b_1)
    62    0.140    2.496    1.934    2.490 ^ _54507_/Y (sky130_fd_sc_hd__nor2b_1)
                                             _20605_ (net)
                   2.496    0.000    2.490 ^ _54523_/B1 (sky130_fd_sc_hd__a222oi_1)
     2    0.003    0.432    0.260    2.750 v _54523_/Y (sky130_fd_sc_hd__a222oi_1)
                                             _20621_ (net)
                   0.432    0.000    2.750 v _55941_/D_N (sky130_fd_sc_hd__nor4b_1)
     3    0.007    0.101    0.312    3.062 v _55941_/Y (sky130_fd_sc_hd__nor4b_1)
                                             _21970_ (net)
                   0.101    0.000    3.062 v _55942_/B (sky130_fd_sc_hd__nand2_1)
     5    0.012    0.128    0.145    3.208 ^ _55942_/Y (sky130_fd_sc_hd__nand2_1)
                                             _21971_ (net)
                   0.128    0.000    3.208 ^ _55958_/B (sky130_fd_sc_hd__nand2_1)
     1    0.002    0.051    0.064    3.271 v _55958_/Y (sky130_fd_sc_hd__nand2_1)
                                             _21987_ (net)
                   0.051    0.000    3.271 v _55962_/A3 (sky130_fd_sc_hd__a311oi_1)
     3    0.008    0.349    0.362    3.633 ^ _55962_/Y (sky130_fd_sc_hd__a311oi_1)
                                             _21991_ (net)
                   0.349    0.000    3.633 ^ _55964_/D (sky130_fd_sc_hd__nor4_1)
     2    0.004    0.086    0.098    3.731 v _55964_/Y (sky130_fd_sc_hd__nor4_1)
                                             _21993_ (net)
                   0.086    0.000    3.731 v _55975_/B (sky130_fd_sc_hd__nor4bb_1)
     2    0.005    0.294    0.318    4.048 ^ _55975_/Y (sky130_fd_sc_hd__nor4bb_1)
                                             _22004_ (net)
                   0.294    0.000    4.048 ^ _55981_/A (sky130_fd_sc_hd__nand3_1)
     7    0.013    0.174    0.206    4.255 v _55981_/Y (sky130_fd_sc_hd__nand3_1)
                                             _22010_ (net)
                   0.174    0.000    4.255 v _55997_/A2 (sky130_fd_sc_hd__o2111ai_1)
     3    0.008    0.254    0.290    4.545 ^ _55997_/Y (sky130_fd_sc_hd__o2111ai_1)
                                             _22026_ (net)
                   0.254    0.000    4.545 ^ _55999_/B (sky130_fd_sc_hd__nor3_1)
     6    0.013    0.104    0.141    4.686 v _55999_/Y (sky130_fd_sc_hd__nor3_1)
                                             _22028_ (net)
                   0.104    0.000    4.686 v _56014_/A2 (sky130_fd_sc_hd__a2111oi_0)
     3    0.007    0.612    0.608    5.294 ^ _56014_/Y (sky130_fd_sc_hd__a2111oi_0)
                                             _22043_ (net)
                   0.612    0.000    5.294 ^ _56023_/D (sky130_fd_sc_hd__nand4_1)
     1    0.002    0.120    0.152    5.446 v _56023_/Y (sky130_fd_sc_hd__nand4_1)
                                             _22051_ (net)
                   0.120    0.000    5.446 v _56024_/A3 (sky130_fd_sc_hd__a31oi_1)
    82    0.206    4.469    3.123    8.569 ^ _56024_/Y (sky130_fd_sc_hd__a31oi_1)
                                             _22052_ (net)
                   4.469    0.000    8.569 ^ _57178_/A (sky130_fd_sc_hd__nor2_1)
    28    0.061    1.159    1.333    9.902 v _57178_/Y (sky130_fd_sc_hd__nor2_1)
                                             _23002_ (net)
                   1.159    0.000    9.902 v _66316_/D_N (sky130_fd_sc_hd__nor4b_1)
     2    0.004    0.442    0.492   10.394 v _66316_/Y (sky130_fd_sc_hd__nor4b_1)
                                             _30674_ (net)
                   0.442    0.000   10.394 v _66408_/B1 (sky130_fd_sc_hd__a21oi_1)
    12    0.031    0.650    0.664   11.058 ^ _66408_/Y (sky130_fd_sc_hd__a21oi_1)
                                             _30733_ (net)
                   0.650    0.000   11.058 ^ _66409_/B (sky130_fd_sc_hd__nand2_1)
     3    0.007    0.136    0.167   11.225 v _66409_/Y (sky130_fd_sc_hd__nand2_1)
                                             _30734_ (net)
                   0.136    0.000   11.225 v _66415_/A (sky130_fd_sc_hd__nor3b_1)
    64    0.218    6.239    4.769   15.994 ^ _66415_/Y (sky130_fd_sc_hd__nor3b_1)
                                             _00118_ (net)
                   6.239    0.000   15.994 ^ _78275_/DE (sky130_fd_sc_hd__edfxtp_1)
                                    15.994   data arrival time

                   0.100   10.000   10.000   clock clk (rise edge)
                            0.000   10.000   clock network delay (ideal)
                           -0.200    9.800   clock uncertainty
                            0.000    9.800   clock reconvergence pessimism
                                     9.800 ^ _78275_/CLK (sky130_fd_sc_hd__edfxtp_1)
                           -0.552    9.248   library setup time
                                     9.248   data required time
---------------------------------------------------------------------------------
                                     9.248   data required time
                                   -15.994   data arrival time
---------------------------------------------------------------------------------
                                    -6.746   slack (VIOLATED)


Startpoint: _76477_ (rising edge-triggered flip-flop clocked by clk)
Endpoint: _78276_ (rising edge-triggered flip-flop clocked by clk)
Path Group: clk
Path Type: max

Fanout      Cap     Slew    Delay     Time   Description
---------------------------------------------------------------------------------
                   0.100    0.000    0.000   clock clk (rise edge)
                            0.000    0.000   clock network delay (ideal)
                   0.100    0.000    0.000 ^ _76477_/CLK (sky130_fd_sc_hd__dfrtp_1)
    18    0.039    0.342    0.556    0.556 ^ _76477_/Q (sky130_fd_sc_hd__dfrtp_1)
                                             router_column[1].router_row[1].router.north_input_buffer.rd_ptr[0] (net)
                   0.342    0.000    0.556 ^ _54507_/B_N (sky130_fd_sc_hd__nor2b_1)
    62    0.140    2.496    1.934    2.490 ^ _54507_/Y (sky130_fd_sc_hd__nor2b_1)
                                             _20605_ (net)
                   2.496    0.000    2.490 ^ _54523_/B1 (sky130_fd_sc_hd__a222oi_1)
     2    0.003    0.432    0.260    2.750 v _54523_/Y (sky130_fd_sc_hd__a222oi_1)
                                             _20621_ (net)
                   0.432    0.000    2.750 v _55941_/D_N (sky130_fd_sc_hd__nor4b_1)
     3    0.007    0.101    0.312    3.062 v _55941_/Y (sky130_fd_sc_hd__nor4b_1)
                                             _21970_ (net)
                   0.101    0.000    3.062 v _55942_/B (sky130_fd_sc_hd__nand2_1)
     5    0.012    0.128    0.145    3.208 ^ _55942_/Y (sky130_fd_sc_hd__nand2_1)
                                             _21971_ (net)
                   0.128    0.000    3.208 ^ _55958_/B (sky130_fd_sc_hd__nand2_1)
     1    0.002    0.051    0.064    3.271 v _55958_/Y (sky130_fd_sc_hd__nand2_1)
                                             _21987_ (net)
                   0.051    0.000    3.271 v _55962_/A3 (sky130_fd_sc_hd__a311oi_1)
     3    0.008    0.349    0.362    3.633 ^ _55962_/Y (sky130_fd_sc_hd__a311oi_1)
                                             _21991_ (net)
                   0.349    0.000    3.633 ^ _55964_/D (sky130_fd_sc_hd__nor4_1)
     2    0.004    0.086    0.098    3.731 v _55964_/Y (sky130_fd_sc_hd__nor4_1)
                                             _21993_ (net)
                   0.086    0.000    3.731 v _55975_/B (sky130_fd_sc_hd__nor4bb_1)
     2    0.005    0.294    0.318    4.048 ^ _55975_/Y (sky130_fd_sc_hd__nor4bb_1)
                                             _22004_ (net)
                   0.294    0.000    4.048 ^ _55981_/A (sky130_fd_sc_hd__nand3_1)
     7    0.013    0.174    0.206    4.255 v _55981_/Y (sky130_fd_sc_hd__nand3_1)
                                             _22010_ (net)
                   0.174    0.000    4.255 v _55997_/A2 (sky130_fd_sc_hd__o2111ai_1)
     3    0.008    0.254    0.290    4.545 ^ _55997_/Y (sky130_fd_sc_hd__o2111ai_1)
                                             _22026_ (net)
                   0.254    0.000    4.545 ^ _55999_/B (sky130_fd_sc_hd__nor3_1)
     6    0.013    0.104    0.141    4.686 v _55999_/Y (sky130_fd_sc_hd__nor3_1)
                                             _22028_ (net)
                   0.104    0.000    4.686 v _56014_/A2 (sky130_fd_sc_hd__a2111oi_0)
     3    0.007    0.612    0.608    5.294 ^ _56014_/Y (sky130_fd_sc_hd__a2111oi_0)
                                             _22043_ (net)
                   0.612    0.000    5.294 ^ _56023_/D (sky130_fd_sc_hd__nand4_1)
     1    0.002    0.120    0.152    5.446 v _56023_/Y (sky130_fd_sc_hd__nand4_1)
                                             _22051_ (net)
                   0.120    0.000    5.446 v _56024_/A3 (sky130_fd_sc_hd__a31oi_1)
    82    0.206    4.469    3.123    8.569 ^ _56024_/Y (sky130_fd_sc_hd__a31oi_1)
                                             _22052_ (net)
                   4.469    0.000    8.569 ^ _57178_/A (sky130_fd_sc_hd__nor2_1)
    28    0.061    1.159    1.333    9.902 v _57178_/Y (sky130_fd_sc_hd__nor2_1)
                                             _23002_ (net)
                   1.159    0.000    9.902 v _66316_/D_N (sky130_fd_sc_hd__nor4b_1)
     2    0.004    0.442    0.492   10.394 v _66316_/Y (sky130_fd_sc_hd__nor4b_1)
                                             _30674_ (net)
                   0.442    0.000   10.394 v _66408_/B1 (sky130_fd_sc_hd__a21oi_1)
    12    0.031    0.650    0.664   11.058 ^ _66408_/Y (sky130_fd_sc_hd__a21oi_1)
                                             _30733_ (net)
                   0.650    0.000   11.058 ^ _66409_/B (sky130_fd_sc_hd__nand2_1)
     3    0.007    0.136    0.167   11.225 v _66409_/Y (sky130_fd_sc_hd__nand2_1)
                                             _30734_ (net)
                   0.136    0.000   11.225 v _66415_/A (sky130_fd_sc_hd__nor3b_1)
    64    0.218    6.239    4.769   15.994 ^ _66415_/Y (sky130_fd_sc_hd__nor3b_1)
                                             _00118_ (net)
                   6.239    0.000   15.994 ^ _78276_/DE (sky130_fd_sc_hd__edfxtp_1)
                                    15.994   data arrival time

                   0.100   10.000   10.000   clock clk (rise edge)
                            0.000   10.000   clock network delay (ideal)
                           -0.200    9.800   clock uncertainty
                            0.000    9.800   clock reconvergence pessimism
                                     9.800 ^ _78276_/CLK (sky130_fd_sc_hd__edfxtp_1)
                           -0.552    9.248   library setup time
                                     9.248   data required time
---------------------------------------------------------------------------------
                                     9.248   data required time
                                   -15.994   data arrival time
---------------------------------------------------------------------------------
                                    -6.746   slack (VIOLATED)


Startpoint: _76477_ (rising edge-triggered flip-flop clocked by clk)
Endpoint: _78277_ (rising edge-triggered flip-flop clocked by clk)
Path Group: clk
Path Type: max

Fanout      Cap     Slew    Delay     Time   Description
---------------------------------------------------------------------------------
                   0.100    0.000    0.000   clock clk (rise edge)
                            0.000    0.000   clock network delay (ideal)
                   0.100    0.000    0.000 ^ _76477_/CLK (sky130_fd_sc_hd__dfrtp_1)
    18    0.039    0.342    0.556    0.556 ^ _76477_/Q (sky130_fd_sc_hd__dfrtp_1)
                                             router_column[1].router_row[1].router.north_input_buffer.rd_ptr[0] (net)
                   0.342    0.000    0.556 ^ _54507_/B_N (sky130_fd_sc_hd__nor2b_1)
    62    0.140    2.496    1.934    2.490 ^ _54507_/Y (sky130_fd_sc_hd__nor2b_1)
                                             _20605_ (net)
                   2.496    0.000    2.490 ^ _54523_/B1 (sky130_fd_sc_hd__a222oi_1)
     2    0.003    0.432    0.260    2.750 v _54523_/Y (sky130_fd_sc_hd__a222oi_1)
                                             _20621_ (net)
                   0.432    0.000    2.750 v _55941_/D_N (sky130_fd_sc_hd__nor4b_1)
     3    0.007    0.101    0.312    3.062 v _55941_/Y (sky130_fd_sc_hd__nor4b_1)
                                             _21970_ (net)
                   0.101    0.000    3.062 v _55942_/B (sky130_fd_sc_hd__nand2_1)
     5    0.012    0.128    0.145    3.208 ^ _55942_/Y (sky130_fd_sc_hd__nand2_1)
                                             _21971_ (net)
                   0.128    0.000    3.208 ^ _55958_/B (sky130_fd_sc_hd__nand2_1)
     1    0.002    0.051    0.064    3.271 v _55958_/Y (sky130_fd_sc_hd__nand2_1)
                                             _21987_ (net)
                   0.051    0.000    3.271 v _55962_/A3 (sky130_fd_sc_hd__a311oi_1)
     3    0.008    0.349    0.362    3.633 ^ _55962_/Y (sky130_fd_sc_hd__a311oi_1)
                                             _21991_ (net)
                   0.349    0.000    3.633 ^ _55964_/D (sky130_fd_sc_hd__nor4_1)
     2    0.004    0.086    0.098    3.731 v _55964_/Y (sky130_fd_sc_hd__nor4_1)
                                             _21993_ (net)
                   0.086    0.000    3.731 v _55975_/B (sky130_fd_sc_hd__nor4bb_1)
     2    0.005    0.294    0.318    4.048 ^ _55975_/Y (sky130_fd_sc_hd__nor4bb_1)
                                             _22004_ (net)
                   0.294    0.000    4.048 ^ _55981_/A (sky130_fd_sc_hd__nand3_1)
     7    0.013    0.174    0.206    4.255 v _55981_/Y (sky130_fd_sc_hd__nand3_1)
                                             _22010_ (net)
                   0.174    0.000    4.255 v _55997_/A2 (sky130_fd_sc_hd__o2111ai_1)
     3    0.008    0.254    0.290    4.545 ^ _55997_/Y (sky130_fd_sc_hd__o2111ai_1)
                                             _22026_ (net)
                   0.254    0.000    4.545 ^ _55999_/B (sky130_fd_sc_hd__nor3_1)
     6    0.013    0.104    0.141    4.686 v _55999_/Y (sky130_fd_sc_hd__nor3_1)
                                             _22028_ (net)
                   0.104    0.000    4.686 v _56014_/A2 (sky130_fd_sc_hd__a2111oi_0)
     3    0.007    0.612    0.608    5.294 ^ _56014_/Y (sky130_fd_sc_hd__a2111oi_0)
                                             _22043_ (net)
                   0.612    0.000    5.294 ^ _56023_/D (sky130_fd_sc_hd__nand4_1)
     1    0.002    0.120    0.152    5.446 v _56023_/Y (sky130_fd_sc_hd__nand4_1)
                                             _22051_ (net)
                   0.120    0.000    5.446 v _56024_/A3 (sky130_fd_sc_hd__a31oi_1)
    82    0.206    4.469    3.123    8.569 ^ _56024_/Y (sky130_fd_sc_hd__a31oi_1)
                                             _22052_ (net)
                   4.469    0.000    8.569 ^ _57178_/A (sky130_fd_sc_hd__nor2_1)
    28    0.061    1.159    1.333    9.902 v _57178_/Y (sky130_fd_sc_hd__nor2_1)
                                             _23002_ (net)
                   1.159    0.000    9.902 v _66316_/D_N (sky130_fd_sc_hd__nor4b_1)
     2    0.004    0.442    0.492   10.394 v _66316_/Y (sky130_fd_sc_hd__nor4b_1)
                                             _30674_ (net)
                   0.442    0.000   10.394 v _66408_/B1 (sky130_fd_sc_hd__a21oi_1)
    12    0.031    0.650    0.664   11.058 ^ _66408_/Y (sky130_fd_sc_hd__a21oi_1)
                                             _30733_ (net)
                   0.650    0.000   11.058 ^ _66409_/B (sky130_fd_sc_hd__nand2_1)
     3    0.007    0.136    0.167   11.225 v _66409_/Y (sky130_fd_sc_hd__nand2_1)
                                             _30734_ (net)
                   0.136    0.000   11.225 v _66415_/A (sky130_fd_sc_hd__nor3b_1)
    64    0.218    6.239    4.769   15.994 ^ _66415_/Y (sky130_fd_sc_hd__nor3b_1)
                                             _00118_ (net)
                   6.239    0.000   15.994 ^ _78277_/DE (sky130_fd_sc_hd__edfxtp_1)
                                    15.994   data arrival time

                   0.100   10.000   10.000   clock clk (rise edge)
                            0.000   10.000   clock network delay (ideal)
                           -0.200    9.800   clock uncertainty
                            0.000    9.800   clock reconvergence pessimism
                                     9.800 ^ _78277_/CLK (sky130_fd_sc_hd__edfxtp_1)
                           -0.552    9.248   library setup time
                                     9.248   data required time
---------------------------------------------------------------------------------
                                     9.248   data required time
                                   -15.994   data arrival time
---------------------------------------------------------------------------------
                                    -6.746   slack (VIOLATED)


Startpoint: _76477_ (rising edge-triggered flip-flop clocked by clk)
Endpoint: _78278_ (rising edge-triggered flip-flop clocked by clk)
Path Group: clk
Path Type: max

Fanout      Cap     Slew    Delay     Time   Description
---------------------------------------------------------------------------------
                   0.100    0.000    0.000   clock clk (rise edge)
                            0.000    0.000   clock network delay (ideal)
                   0.100    0.000    0.000 ^ _76477_/CLK (sky130_fd_sc_hd__dfrtp_1)
    18    0.039    0.342    0.556    0.556 ^ _76477_/Q (sky130_fd_sc_hd__dfrtp_1)
                                             router_column[1].router_row[1].router.north_input_buffer.rd_ptr[0] (net)
                   0.342    0.000    0.556 ^ _54507_/B_N (sky130_fd_sc_hd__nor2b_1)
    62    0.140    2.496    1.934    2.490 ^ _54507_/Y (sky130_fd_sc_hd__nor2b_1)
                                             _20605_ (net)
                   2.496    0.000    2.490 ^ _54523_/B1 (sky130_fd_sc_hd__a222oi_1)
     2    0.003    0.432    0.260    2.750 v _54523_/Y (sky130_fd_sc_hd__a222oi_1)
                                             _20621_ (net)
                   0.432    0.000    2.750 v _55941_/D_N (sky130_fd_sc_hd__nor4b_1)
     3    0.007    0.101    0.312    3.062 v _55941_/Y (sky130_fd_sc_hd__nor4b_1)
                                             _21970_ (net)
                   0.101    0.000    3.062 v _55942_/B (sky130_fd_sc_hd__nand2_1)
     5    0.012    0.128    0.145    3.208 ^ _55942_/Y (sky130_fd_sc_hd__nand2_1)
                                             _21971_ (net)
                   0.128    0.000    3.208 ^ _55958_/B (sky130_fd_sc_hd__nand2_1)
     1    0.002    0.051    0.064    3.271 v _55958_/Y (sky130_fd_sc_hd__nand2_1)
                                             _21987_ (net)
                   0.051    0.000    3.271 v _55962_/A3 (sky130_fd_sc_hd__a311oi_1)
     3    0.008    0.349    0.362    3.633 ^ _55962_/Y (sky130_fd_sc_hd__a311oi_1)
                                             _21991_ (net)
                   0.349    0.000    3.633 ^ _55964_/D (sky130_fd_sc_hd__nor4_1)
     2    0.004    0.086    0.098    3.731 v _55964_/Y (sky130_fd_sc_hd__nor4_1)
                                             _21993_ (net)
                   0.086    0.000    3.731 v _55975_/B (sky130_fd_sc_hd__nor4bb_1)
     2    0.005    0.294    0.318    4.048 ^ _55975_/Y (sky130_fd_sc_hd__nor4bb_1)
                                             _22004_ (net)
                   0.294    0.000    4.048 ^ _55981_/A (sky130_fd_sc_hd__nand3_1)
     7    0.013    0.174    0.206    4.255 v _55981_/Y (sky130_fd_sc_hd__nand3_1)
                                             _22010_ (net)
                   0.174    0.000    4.255 v _55997_/A2 (sky130_fd_sc_hd__o2111ai_1)
     3    0.008    0.254    0.290    4.545 ^ _55997_/Y (sky130_fd_sc_hd__o2111ai_1)
                                             _22026_ (net)
                   0.254    0.000    4.545 ^ _55999_/B (sky130_fd_sc_hd__nor3_1)
     6    0.013    0.104    0.141    4.686 v _55999_/Y (sky130_fd_sc_hd__nor3_1)
                                             _22028_ (net)
                   0.104    0.000    4.686 v _56014_/A2 (sky130_fd_sc_hd__a2111oi_0)
     3    0.007    0.612    0.608    5.294 ^ _56014_/Y (sky130_fd_sc_hd__a2111oi_0)
                                             _22043_ (net)
                   0.612    0.000    5.294 ^ _56023_/D (sky130_fd_sc_hd__nand4_1)
     1    0.002    0.120    0.152    5.446 v _56023_/Y (sky130_fd_sc_hd__nand4_1)
                                             _22051_ (net)
                   0.120    0.000    5.446 v _56024_/A3 (sky130_fd_sc_hd__a31oi_1)
    82    0.206    4.469    3.123    8.569 ^ _56024_/Y (sky130_fd_sc_hd__a31oi_1)
                                             _22052_ (net)
                   4.469    0.000    8.569 ^ _57178_/A (sky130_fd_sc_hd__nor2_1)
    28    0.061    1.159    1.333    9.902 v _57178_/Y (sky130_fd_sc_hd__nor2_1)
                                             _23002_ (net)
                   1.159    0.000    9.902 v _66316_/D_N (sky130_fd_sc_hd__nor4b_1)
     2    0.004    0.442    0.492   10.394 v _66316_/Y (sky130_fd_sc_hd__nor4b_1)
                                             _30674_ (net)
                   0.442    0.000   10.394 v _66408_/B1 (sky130_fd_sc_hd__a21oi_1)
    12    0.031    0.650    0.664   11.058 ^ _66408_/Y (sky130_fd_sc_hd__a21oi_1)
                                             _30733_ (net)
                   0.650    0.000   11.058 ^ _66409_/B (sky130_fd_sc_hd__nand2_1)
     3    0.007    0.136    0.167   11.225 v _66409_/Y (sky130_fd_sc_hd__nand2_1)
                                             _30734_ (net)
                   0.136    0.000   11.225 v _66415_/A (sky130_fd_sc_hd__nor3b_1)
    64    0.218    6.239    4.769   15.994 ^ _66415_/Y (sky130_fd_sc_hd__nor3b_1)
                                             _00118_ (net)
                   6.239    0.000   15.994 ^ _78278_/DE (sky130_fd_sc_hd__edfxtp_1)
                                    15.994   data arrival time

                   0.100   10.000   10.000   clock clk (rise edge)
                            0.000   10.000   clock network delay (ideal)
                           -0.200    9.800   clock uncertainty
                            0.000    9.800   clock reconvergence pessimism
                                     9.800 ^ _78278_/CLK (sky130_fd_sc_hd__edfxtp_1)
                           -0.552    9.248   library setup time
                                     9.248   data required time
---------------------------------------------------------------------------------
                                     9.248   data required time
                                   -15.994   data arrival time
---------------------------------------------------------------------------------
                                    -6.746   slack (VIOLATED)


Startpoint: _76477_ (rising edge-triggered flip-flop clocked by clk)
Endpoint: _78279_ (rising edge-triggered flip-flop clocked by clk)
Path Group: clk
Path Type: max

Fanout      Cap     Slew    Delay     Time   Description
---------------------------------------------------------------------------------
                   0.100    0.000    0.000   clock clk (rise edge)
                            0.000    0.000   clock network delay (ideal)
                   0.100    0.000    0.000 ^ _76477_/CLK (sky130_fd_sc_hd__dfrtp_1)
    18    0.039    0.342    0.556    0.556 ^ _76477_/Q (sky130_fd_sc_hd__dfrtp_1)
                                             router_column[1].router_row[1].router.north_input_buffer.rd_ptr[0] (net)
                   0.342    0.000    0.556 ^ _54507_/B_N (sky130_fd_sc_hd__nor2b_1)
    62    0.140    2.496    1.934    2.490 ^ _54507_/Y (sky130_fd_sc_hd__nor2b_1)
                                             _20605_ (net)
                   2.496    0.000    2.490 ^ _54523_/B1 (sky130_fd_sc_hd__a222oi_1)
     2    0.003    0.432    0.260    2.750 v _54523_/Y (sky130_fd_sc_hd__a222oi_1)
                                             _20621_ (net)
                   0.432    0.000    2.750 v _55941_/D_N (sky130_fd_sc_hd__nor4b_1)
     3    0.007    0.101    0.312    3.062 v _55941_/Y (sky130_fd_sc_hd__nor4b_1)
                                             _21970_ (net)
                   0.101    0.000    3.062 v _55942_/B (sky130_fd_sc_hd__nand2_1)
     5    0.012    0.128    0.145    3.208 ^ _55942_/Y (sky130_fd_sc_hd__nand2_1)
                                             _21971_ (net)
                   0.128    0.000    3.208 ^ _55958_/B (sky130_fd_sc_hd__nand2_1)
     1    0.002    0.051    0.064    3.271 v _55958_/Y (sky130_fd_sc_hd__nand2_1)
                                             _21987_ (net)
                   0.051    0.000    3.271 v _55962_/A3 (sky130_fd_sc_hd__a311oi_1)
     3    0.008    0.349    0.362    3.633 ^ _55962_/Y (sky130_fd_sc_hd__a311oi_1)
                                             _21991_ (net)
                   0.349    0.000    3.633 ^ _55964_/D (sky130_fd_sc_hd__nor4_1)
     2    0.004    0.086    0.098    3.731 v _55964_/Y (sky130_fd_sc_hd__nor4_1)
                                             _21993_ (net)
                   0.086    0.000    3.731 v _55975_/B (sky130_fd_sc_hd__nor4bb_1)
     2    0.005    0.294    0.318    4.048 ^ _55975_/Y (sky130_fd_sc_hd__nor4bb_1)
                                             _22004_ (net)
                   0.294    0.000    4.048 ^ _55981_/A (sky130_fd_sc_hd__nand3_1)
     7    0.013    0.174    0.206    4.255 v _55981_/Y (sky130_fd_sc_hd__nand3_1)
                                             _22010_ (net)
                   0.174    0.000    4.255 v _55997_/A2 (sky130_fd_sc_hd__o2111ai_1)
     3    0.008    0.254    0.290    4.545 ^ _55997_/Y (sky130_fd_sc_hd__o2111ai_1)
                                             _22026_ (net)
                   0.254    0.000    4.545 ^ _55999_/B (sky130_fd_sc_hd__nor3_1)
     6    0.013    0.104    0.141    4.686 v _55999_/Y (sky130_fd_sc_hd__nor3_1)
                                             _22028_ (net)
                   0.104    0.000    4.686 v _56014_/A2 (sky130_fd_sc_hd__a2111oi_0)
     3    0.007    0.612    0.608    5.294 ^ _56014_/Y (sky130_fd_sc_hd__a2111oi_0)
                                             _22043_ (net)
                   0.612    0.000    5.294 ^ _56023_/D (sky130_fd_sc_hd__nand4_1)
     1    0.002    0.120    0.152    5.446 v _56023_/Y (sky130_fd_sc_hd__nand4_1)
                                             _22051_ (net)
                   0.120    0.000    5.446 v _56024_/A3 (sky130_fd_sc_hd__a31oi_1)
    82    0.206    4.469    3.123    8.569 ^ _56024_/Y (sky130_fd_sc_hd__a31oi_1)
                                             _22052_ (net)
                   4.469    0.000    8.569 ^ _57178_/A (sky130_fd_sc_hd__nor2_1)
    28    0.061    1.159    1.333    9.902 v _57178_/Y (sky130_fd_sc_hd__nor2_1)
                                             _23002_ (net)
                   1.159    0.000    9.902 v _66316_/D_N (sky130_fd_sc_hd__nor4b_1)
     2    0.004    0.442    0.492   10.394 v _66316_/Y (sky130_fd_sc_hd__nor4b_1)
                                             _30674_ (net)
                   0.442    0.000   10.394 v _66408_/B1 (sky130_fd_sc_hd__a21oi_1)
    12    0.031    0.650    0.664   11.058 ^ _66408_/Y (sky130_fd_sc_hd__a21oi_1)
                                             _30733_ (net)
                   0.650    0.000   11.058 ^ _66409_/B (sky130_fd_sc_hd__nand2_1)
     3    0.007    0.136    0.167   11.225 v _66409_/Y (sky130_fd_sc_hd__nand2_1)
                                             _30734_ (net)
                   0.136    0.000   11.225 v _66415_/A (sky130_fd_sc_hd__nor3b_1)
    64    0.218    6.239    4.769   15.994 ^ _66415_/Y (sky130_fd_sc_hd__nor3b_1)
                                             _00118_ (net)
                   6.239    0.000   15.994 ^ _78279_/DE (sky130_fd_sc_hd__edfxtp_1)
                                    15.994   data arrival time

                   0.100   10.000   10.000   clock clk (rise edge)
                            0.000   10.000   clock network delay (ideal)
                           -0.200    9.800   clock uncertainty
                            0.000    9.800   clock reconvergence pessimism
                                     9.800 ^ _78279_/CLK (sky130_fd_sc_hd__edfxtp_1)
                           -0.552    9.248   library setup time
                                     9.248   data required time
---------------------------------------------------------------------------------
                                     9.248   data required time
                                   -15.994   data arrival time
---------------------------------------------------------------------------------
                                    -6.746   slack (VIOLATED)


Startpoint: _76477_ (rising edge-triggered flip-flop clocked by clk)
Endpoint: _78280_ (rising edge-triggered flip-flop clocked by clk)
Path Group: clk
Path Type: max

Fanout      Cap     Slew    Delay     Time   Description
---------------------------------------------------------------------------------
                   0.100    0.000    0.000   clock clk (rise edge)
                            0.000    0.000   clock network delay (ideal)
                   0.100    0.000    0.000 ^ _76477_/CLK (sky130_fd_sc_hd__dfrtp_1)
    18    0.039    0.342    0.556    0.556 ^ _76477_/Q (sky130_fd_sc_hd__dfrtp_1)
                                             router_column[1].router_row[1].router.north_input_buffer.rd_ptr[0] (net)
                   0.342    0.000    0.556 ^ _54507_/B_N (sky130_fd_sc_hd__nor2b_1)
    62    0.140    2.496    1.934    2.490 ^ _54507_/Y (sky130_fd_sc_hd__nor2b_1)
                                             _20605_ (net)
                   2.496    0.000    2.490 ^ _54523_/B1 (sky130_fd_sc_hd__a222oi_1)
     2    0.003    0.432    0.260    2.750 v _54523_/Y (sky130_fd_sc_hd__a222oi_1)
                                             _20621_ (net)
                   0.432    0.000    2.750 v _55941_/D_N (sky130_fd_sc_hd__nor4b_1)
     3    0.007    0.101    0.312    3.062 v _55941_/Y (sky130_fd_sc_hd__nor4b_1)
                                             _21970_ (net)
                   0.101    0.000    3.062 v _55942_/B (sky130_fd_sc_hd__nand2_1)
     5    0.012    0.128    0.145    3.208 ^ _55942_/Y (sky130_fd_sc_hd__nand2_1)
                                             _21971_ (net)
                   0.128    0.000    3.208 ^ _55958_/B (sky130_fd_sc_hd__nand2_1)
     1    0.002    0.051    0.064    3.271 v _55958_/Y (sky130_fd_sc_hd__nand2_1)
                                             _21987_ (net)
                   0.051    0.000    3.271 v _55962_/A3 (sky130_fd_sc_hd__a311oi_1)
     3    0.008    0.349    0.362    3.633 ^ _55962_/Y (sky130_fd_sc_hd__a311oi_1)
                                             _21991_ (net)
                   0.349    0.000    3.633 ^ _55964_/D (sky130_fd_sc_hd__nor4_1)
     2    0.004    0.086    0.098    3.731 v _55964_/Y (sky130_fd_sc_hd__nor4_1)
                                             _21993_ (net)
                   0.086    0.000    3.731 v _55975_/B (sky130_fd_sc_hd__nor4bb_1)
     2    0.005    0.294    0.318    4.048 ^ _55975_/Y (sky130_fd_sc_hd__nor4bb_1)
                                             _22004_ (net)
                   0.294    0.000    4.048 ^ _55981_/A (sky130_fd_sc_hd__nand3_1)
     7    0.013    0.174    0.206    4.255 v _55981_/Y (sky130_fd_sc_hd__nand3_1)
                                             _22010_ (net)
                   0.174    0.000    4.255 v _55997_/A2 (sky130_fd_sc_hd__o2111ai_1)
     3    0.008    0.254    0.290    4.545 ^ _55997_/Y (sky130_fd_sc_hd__o2111ai_1)
                                             _22026_ (net)
                   0.254    0.000    4.545 ^ _55999_/B (sky130_fd_sc_hd__nor3_1)
     6    0.013    0.104    0.141    4.686 v _55999_/Y (sky130_fd_sc_hd__nor3_1)
                                             _22028_ (net)
                   0.104    0.000    4.686 v _56014_/A2 (sky130_fd_sc_hd__a2111oi_0)
     3    0.007    0.612    0.608    5.294 ^ _56014_/Y (sky130_fd_sc_hd__a2111oi_0)
                                             _22043_ (net)
                   0.612    0.000    5.294 ^ _56023_/D (sky130_fd_sc_hd__nand4_1)
     1    0.002    0.120    0.152    5.446 v _56023_/Y (sky130_fd_sc_hd__nand4_1)
                                             _22051_ (net)
                   0.120    0.000    5.446 v _56024_/A3 (sky130_fd_sc_hd__a31oi_1)
    82    0.206    4.469    3.123    8.569 ^ _56024_/Y (sky130_fd_sc_hd__a31oi_1)
                                             _22052_ (net)
                   4.469    0.000    8.569 ^ _57178_/A (sky130_fd_sc_hd__nor2_1)
    28    0.061    1.159    1.333    9.902 v _57178_/Y (sky130_fd_sc_hd__nor2_1)
                                             _23002_ (net)
                   1.159    0.000    9.902 v _66316_/D_N (sky130_fd_sc_hd__nor4b_1)
     2    0.004    0.442    0.492   10.394 v _66316_/Y (sky130_fd_sc_hd__nor4b_1)
                                             _30674_ (net)
                   0.442    0.000   10.394 v _66408_/B1 (sky130_fd_sc_hd__a21oi_1)
    12    0.031    0.650    0.664   11.058 ^ _66408_/Y (sky130_fd_sc_hd__a21oi_1)
                                             _30733_ (net)
                   0.650    0.000   11.058 ^ _66409_/B (sky130_fd_sc_hd__nand2_1)
     3    0.007    0.136    0.167   11.225 v _66409_/Y (sky130_fd_sc_hd__nand2_1)
                                             _30734_ (net)
                   0.136    0.000   11.225 v _66415_/A (sky130_fd_sc_hd__nor3b_1)
    64    0.218    6.239    4.769   15.994 ^ _66415_/Y (sky130_fd_sc_hd__nor3b_1)
                                             _00118_ (net)
                   6.239    0.000   15.994 ^ _78280_/DE (sky130_fd_sc_hd__edfxtp_1)
                                    15.994   data arrival time

                   0.100   10.000   10.000   clock clk (rise edge)
                            0.000   10.000   clock network delay (ideal)
                           -0.200    9.800   clock uncertainty
                            0.000    9.800   clock reconvergence pessimism
                                     9.800 ^ _78280_/CLK (sky130_fd_sc_hd__edfxtp_1)
                           -0.552    9.248   library setup time
                                     9.248   data required time
---------------------------------------------------------------------------------
                                     9.248   data required time
                                   -15.994   data arrival time
---------------------------------------------------------------------------------
                                    -6.746   slack (VIOLATED)


Startpoint: _76477_ (rising edge-triggered flip-flop clocked by clk)
Endpoint: _78281_ (rising edge-triggered flip-flop clocked by clk)
Path Group: clk
Path Type: max

Fanout      Cap     Slew    Delay     Time   Description
---------------------------------------------------------------------------------
                   0.100    0.000    0.000   clock clk (rise edge)
                            0.000    0.000   clock network delay (ideal)
                   0.100    0.000    0.000 ^ _76477_/CLK (sky130_fd_sc_hd__dfrtp_1)
    18    0.039    0.342    0.556    0.556 ^ _76477_/Q (sky130_fd_sc_hd__dfrtp_1)
                                             router_column[1].router_row[1].router.north_input_buffer.rd_ptr[0] (net)
                   0.342    0.000    0.556 ^ _54507_/B_N (sky130_fd_sc_hd__nor2b_1)
    62    0.140    2.496    1.934    2.490 ^ _54507_/Y (sky130_fd_sc_hd__nor2b_1)
                                             _20605_ (net)
                   2.496    0.000    2.490 ^ _54523_/B1 (sky130_fd_sc_hd__a222oi_1)
     2    0.003    0.432    0.260    2.750 v _54523_/Y (sky130_fd_sc_hd__a222oi_1)
                                             _20621_ (net)
                   0.432    0.000    2.750 v _55941_/D_N (sky130_fd_sc_hd__nor4b_1)
     3    0.007    0.101    0.312    3.062 v _55941_/Y (sky130_fd_sc_hd__nor4b_1)
                                             _21970_ (net)
                   0.101    0.000    3.062 v _55942_/B (sky130_fd_sc_hd__nand2_1)
     5    0.012    0.128    0.145    3.208 ^ _55942_/Y (sky130_fd_sc_hd__nand2_1)
                                             _21971_ (net)
                   0.128    0.000    3.208 ^ _55958_/B (sky130_fd_sc_hd__nand2_1)
     1    0.002    0.051    0.064    3.271 v _55958_/Y (sky130_fd_sc_hd__nand2_1)
                                             _21987_ (net)
                   0.051    0.000    3.271 v _55962_/A3 (sky130_fd_sc_hd__a311oi_1)
     3    0.008    0.349    0.362    3.633 ^ _55962_/Y (sky130_fd_sc_hd__a311oi_1)
                                             _21991_ (net)
                   0.349    0.000    3.633 ^ _55964_/D (sky130_fd_sc_hd__nor4_1)
     2    0.004    0.086    0.098    3.731 v _55964_/Y (sky130_fd_sc_hd__nor4_1)
                                             _21993_ (net)
                   0.086    0.000    3.731 v _55975_/B (sky130_fd_sc_hd__nor4bb_1)
     2    0.005    0.294    0.318    4.048 ^ _55975_/Y (sky130_fd_sc_hd__nor4bb_1)
                                             _22004_ (net)
                   0.294    0.000    4.048 ^ _55981_/A (sky130_fd_sc_hd__nand3_1)
     7    0.013    0.174    0.206    4.255 v _55981_/Y (sky130_fd_sc_hd__nand3_1)
                                             _22010_ (net)
                   0.174    0.000    4.255 v _55997_/A2 (sky130_fd_sc_hd__o2111ai_1)
     3    0.008    0.254    0.290    4.545 ^ _55997_/Y (sky130_fd_sc_hd__o2111ai_1)
                                             _22026_ (net)
                   0.254    0.000    4.545 ^ _55999_/B (sky130_fd_sc_hd__nor3_1)
     6    0.013    0.104    0.141    4.686 v _55999_/Y (sky130_fd_sc_hd__nor3_1)
                                             _22028_ (net)
                   0.104    0.000    4.686 v _56014_/A2 (sky130_fd_sc_hd__a2111oi_0)
     3    0.007    0.612    0.608    5.294 ^ _56014_/Y (sky130_fd_sc_hd__a2111oi_0)
                                             _22043_ (net)
                   0.612    0.000    5.294 ^ _56023_/D (sky130_fd_sc_hd__nand4_1)
     1    0.002    0.120    0.152    5.446 v _56023_/Y (sky130_fd_sc_hd__nand4_1)
                                             _22051_ (net)
                   0.120    0.000    5.446 v _56024_/A3 (sky130_fd_sc_hd__a31oi_1)
    82    0.206    4.469    3.123    8.569 ^ _56024_/Y (sky130_fd_sc_hd__a31oi_1)
                                             _22052_ (net)
                   4.469    0.000    8.569 ^ _57178_/A (sky130_fd_sc_hd__nor2_1)
    28    0.061    1.159    1.333    9.902 v _57178_/Y (sky130_fd_sc_hd__nor2_1)
                                             _23002_ (net)
                   1.159    0.000    9.902 v _66316_/D_N (sky130_fd_sc_hd__nor4b_1)
     2    0.004    0.442    0.492   10.394 v _66316_/Y (sky130_fd_sc_hd__nor4b_1)
                                             _30674_ (net)
                   0.442    0.000   10.394 v _66408_/B1 (sky130_fd_sc_hd__a21oi_1)
    12    0.031    0.650    0.664   11.058 ^ _66408_/Y (sky130_fd_sc_hd__a21oi_1)
                                             _30733_ (net)
                   0.650    0.000   11.058 ^ _66409_/B (sky130_fd_sc_hd__nand2_1)
     3    0.007    0.136    0.167   11.225 v _66409_/Y (sky130_fd_sc_hd__nand2_1)
                                             _30734_ (net)
                   0.136    0.000   11.225 v _66415_/A (sky130_fd_sc_hd__nor3b_1)
    64    0.218    6.239    4.769   15.994 ^ _66415_/Y (sky130_fd_sc_hd__nor3b_1)
                                             _00118_ (net)
                   6.239    0.000   15.994 ^ _78281_/DE (sky130_fd_sc_hd__edfxtp_1)
                                    15.994   data arrival time

                   0.100   10.000   10.000   clock clk (rise edge)
                            0.000   10.000   clock network delay (ideal)
                           -0.200    9.800   clock uncertainty
                            0.000    9.800   clock reconvergence pessimism
                                     9.800 ^ _78281_/CLK (sky130_fd_sc_hd__edfxtp_1)
                           -0.552    9.248   library setup time
                                     9.248   data required time
---------------------------------------------------------------------------------
                                     9.248   data required time
                                   -15.994   data arrival time
---------------------------------------------------------------------------------
                                    -6.746   slack (VIOLATED)


